skhobrag@Sunils-MacBook-Pro backstage % node -v
zsh: command not found: node
skhobrag@Sunils-MacBook-Pro backstage % node -version
zsh: command not found: node
skhobrag@Sunils-MacBook-Pro backstage % curl -o- https://raw.githubusercontent.com/nvm-sh/nvm/v0.39.7/install.sh | bash
  % Total    % Received % Xferd  Average Speed   Time    Time     Time  Current
                                 Dload  Upload   Total   Spent    Left  Speed
100 16555  100 16555    0     0   287k      0 --:--:-- --:--:-- --:--:--  288k
=> nvm is already installed in /Users/skhobrag/.nvm, trying to update using git
=> => Compressing and cleaning up git repository

=> nvm source string already in /Users/skhobrag/.zshrc
=> bash_completion source string already in /Users/skhobrag/.zshrc
=> Close and reopen your terminal to start using nvm or run the following to use it now:

export NVM_DIR="$HOME/.nvm"
[ -s "$NVM_DIR/nvm.sh" ] && \. "$NVM_DIR/nvm.sh"  # This loads nvm
[ -s "$NVM_DIR/bash_completion" ] && \. "$NVM_DIR/bash_completion"  # This loads nvm bash_completion

skhobrag@Sunils-MacBook-Pro backstage % export NVM_DIR="$HOME/.nvm"
skhobrag@Sunils-MacBook-Pro backstage %
skhobrag@Sunils-MacBook-Pro backstage % nvm use 18
N/A: version "v18" is not yet installed.

You need to run `nvm install 18` to install and use it.
skhobrag@Sunils-MacBook-Pro backstage % nvm install 18
Downloading and installing node v18.20.4...
Downloading https://nodejs.org/dist/v18.20.4/node-v18.20.4-darwin-x64.tar.xz...
############################################################################################################################################################################################################ 100.0%
Computing checksum with shasum -a 256
Checksums matched!
Now using node v18.20.4 (npm v10.7.0)
Creating default alias: default -> 18 (-> v18.20.4)
skhobrag@Sunils-MacBook-Pro backstage % node --version
v18.20.4
skhobrag@Sunils-MacBook-Pro backstage % npx --version
10.7.0
skhobrag@Sunils-MacBook-Pro backstage % nvm install yarn
Version 'yarn' not found - try `nvm ls-remote` to browse available versions.
skhobrag@Sunils-MacBook-Pro backstage %
skhobrag@Sunils-MacBook-Pro backstage % npm install --global yarn

added 1 package in 1s
npm notice
npm notice New minor version of npm available! 10.7.0 -> 10.8.2
npm notice Changelog: https://github.com/npm/cli/releases/tag/v10.8.2
npm notice To update run: npm install -g npm@10.8.2
npm notice
skhobrag@Sunils-MacBook-Pro backstage %
skhobrag@Sunils-MacBook-Pro backstage %
skhobrag@Sunils-MacBook-Pro backstage % vi command.txt
skhobrag@Sunils-MacBook-Pro backstage %
skhobrag@Sunils-MacBook-Pro backstage %
skhobrag@Sunils-MacBook-Pro backstage %
skhobrag@Sunils-MacBook-Pro backstage % node --version
v18.20.4
skhobrag@Sunils-MacBook-Pro backstage % npx --version
10.7.0
skhobrag@Sunils-MacBook-Pro backstage % yarn --version
1.22.22
skhobrag@Sunils-MacBook-Pro backstage % clear
skhobrag@Sunils-MacBook-Pro backstage %
skhobrag@Sunils-MacBook-Pro backstage % tree
.
â”œâ”€â”€ backstage.iml
â”œâ”€â”€ command.txt
â”œâ”€â”€ skeleton
â”‚Â Â  â”œâ”€â”€ README.md
â”‚Â Â  â”œâ”€â”€ catalog-info.yaml
â”‚Â Â  â”œâ”€â”€ pom.xml
â”‚Â Â  â”œâ”€â”€ renovate.json
â”‚Â Â  â””â”€â”€ src
â”‚Â Â      â”œâ”€â”€ main
â”‚Â Â      â”‚Â Â  â”œâ”€â”€ java
â”‚Â Â      â”‚Â Â  â”‚Â Â  â””â”€â”€ ${{values.javaPackage}}
â”‚Â Â      â”‚Â Â  â”‚Â Â      â”œâ”€â”€ Application.java
â”‚Â Â      â”‚Â Â  â”‚Â Â      â”œâ”€â”€ controller
â”‚Â Â      â”‚Â Â  â”‚Â Â      â”‚Â Â  â””â”€â”€ ${{values.javaPackage}}Controller.java
â”‚Â Â      â”‚Â Â  â”‚Â Â      â””â”€â”€ domain
â”‚Â Â      â”‚Â Â  â”‚Â Â          â””â”€â”€ ${{values.domainName}}.java
â”‚Â Â      â”‚Â Â  â””â”€â”€ resources
â”‚Â Â      â”‚Â Â      â””â”€â”€ application.yml
â”‚Â Â      â””â”€â”€ test
â”‚Â Â          â””â”€â”€ java
â”‚Â Â              â””â”€â”€ ${{values.javaPackage}}
â”‚Â Â                  â””â”€â”€ ${{values.domainName}}ControllerTests.java
â””â”€â”€ template.yaml

11 directories, 12 files
skhobrag@Sunils-MacBook-Pro backstage % clear
skhobrag@Sunils-MacBook-Pro backstage % npx @backstage/create-app@latest
Need to install the following packages:
@backstage/create-app@0.5.17
Ok to proceed? (y) y

? Enter a name for the app [required] backstage1

Creating the app...

 Checking if the directory is available:
  checking      backstage1 âœ”

 Creating a temporary app directory:

 Preparing files:
  copying       .dockerignore âœ”
  copying       .eslintignore âœ”
  templating    .eslintrc.js.hbs âœ”
  templating    .gitignore.hbs âœ”
  copying       .prettierignore âœ”
  copying       README.md âœ”
  copying       app-config.local.yaml âœ”
  copying       app-config.production.yaml âœ”
  templating    app-config.yaml.hbs âœ”
  templating    backstage.json.hbs âœ”
  templating    catalog-info.yaml.hbs âœ”
  copying       lerna.json âœ”
  templating    package.json.hbs âœ”
  copying       playwright.config.ts âœ”
  copying       tsconfig.json âœ”
  copying       yarn.lock âœ”
  copying       README.md âœ”
  copying       org.yaml âœ”
  copying       entities.yaml âœ”
  copying       template.yaml âœ”
  copying       catalog-info.yaml âœ”
  copying       index.js âœ”
  copying       package.json âœ”
  copying       README.md âœ”
  templating    .eslintrc.js.hbs âœ”
  copying       Dockerfile âœ”
  copying       README.md âœ”
  templating    package.json.hbs âœ”
  copying       index.ts âœ”
  copying       .eslintignore âœ”
  templating    .eslintrc.js.hbs âœ”
  templating    package.json.hbs âœ”
  copying       app.test.ts âœ”
  copying       android-chrome-192x192.png âœ”
  copying       favicon-16x16.png âœ”
  copying       favicon-32x32.png âœ”
  copying       apple-touch-icon.png âœ”
  copying       index.html âœ”
  copying       favicon.ico âœ”
  copying       manifest.json âœ”
  copying       robots.txt âœ”
  copying       safari-pinned-tab.svg âœ”
  copying       App.test.tsx âœ”
  copying       App.tsx âœ”
  copying       apis.ts âœ”
  copying       index.tsx âœ”
  copying       setupTests.ts âœ”
  copying       LogoFull.tsx âœ”
  copying       LogoIcon.tsx âœ”
  copying       Root.tsx âœ”
  copying       index.ts âœ”
  copying       SearchPage.tsx âœ”
  copying       EntityPage.tsx âœ”

 Moving to final location:
  moving        backstage1 âœ”
  fetching      yarn.lock seed âœ”

 Installing dependencies:
  determining   yarn version âœ”
  executing     yarn install âœ”
  executing     yarn tsc âœ”

ðŸ¥‡  Successfully created backstage1


 All set! Now you might want to:
  Run the app: cd backstage1 && yarn dev
  Set up the software catalog: https://backstage.io/docs/features/software-catalog/configuration
  Add authentication: https://backstage.io/docs/auth/

skhobrag@Sunils-MacBook-Pro backstage %

skhobrag@Sunils-MacBook-Pro backstage % cd backstage1
skhobrag@Sunils-MacBook-Pro backstage1 %
skhobrag@Sunils-MacBook-Pro backstage1 % yarn dev
